// Jest Snapshot v1, https://goo.gl/fbAQLP

exports[`Tests for app.js checking for unexpected changes. 1`] = `
Object {
  "asFragment": [Function],
  "baseElement": <body>
    <div>
      <form>
        <input
          class="search"
          name="input"
          placeholder="Search"
          required=""
          type="text"
          value=""
        />
        <select
          class="dropDown"
          name="select"
        >
          <option
            value="all"
          >
            All
          </option>
          <option
            value="music"
          >
            Music
          </option>
          <option
            value="movie"
          >
            Movie
          </option>
          <option
            value="podcast"
          >
            Podcast
          </option>
          <option
            value="musicVideo"
          >
            Music Video
          </option>
          <option
            value="audiobook"
          >
            Audio book
          </option>
          <option
            value="shortFilm"
          >
            Short Film
          </option>
          <option
            value="tvShow"
          >
            Tv Show
          </option>
          <option
            value="software"
          >
            Software
          </option>
          <option
            value="ebook"
          >
            Ebook
          </option>
        </select>
        <button
          class="btn btn-success"
          type="submit"
          value="Search"
        >
          Search
        </button>
      </form>
      <div>
        <h2
          class="loading"
        >
          Loading...
        </h2>
        <div
          class="spinner spinner-border text-success"
        />
      </div>
    </div>
  </body>,
  "container": <div>
    <form>
      <input
        class="search"
        name="input"
        placeholder="Search"
        required=""
        type="text"
        value=""
      />
      <select
        class="dropDown"
        name="select"
      >
        <option
          value="all"
        >
          All
        </option>
        <option
          value="music"
        >
          Music
        </option>
        <option
          value="movie"
        >
          Movie
        </option>
        <option
          value="podcast"
        >
          Podcast
        </option>
        <option
          value="musicVideo"
        >
          Music Video
        </option>
        <option
          value="audiobook"
        >
          Audio book
        </option>
        <option
          value="shortFilm"
        >
          Short Film
        </option>
        <option
          value="tvShow"
        >
          Tv Show
        </option>
        <option
          value="software"
        >
          Software
        </option>
        <option
          value="ebook"
        >
          Ebook
        </option>
      </select>
      <button
        class="btn btn-success"
        type="submit"
        value="Search"
      >
        Search
      </button>
    </form>
    <div>
      <h2
        class="loading"
      >
        Loading...
      </h2>
      <div
        class="spinner spinner-border text-success"
      />
    </div>
  </div>,
  "debug": [Function],
  "findAllByAltText": [Function],
  "findAllByDisplayValue": [Function],
  "findAllByLabelText": [Function],
  "findAllByPlaceholderText": [Function],
  "findAllByRole": [Function],
  "findAllByTestId": [Function],
  "findAllByText": [Function],
  "findAllByTitle": [Function],
  "findByAltText": [Function],
  "findByDisplayValue": [Function],
  "findByLabelText": [Function],
  "findByPlaceholderText": [Function],
  "findByRole": [Function],
  "findByTestId": [Function],
  "findByText": [Function],
  "findByTitle": [Function],
  "getAllByAltText": [Function],
  "getAllByDisplayValue": [Function],
  "getAllByLabelText": [Function],
  "getAllByPlaceholderText": [Function],
  "getAllByRole": [Function],
  "getAllByTestId": [Function],
  "getAllByText": [Function],
  "getAllByTitle": [Function],
  "getByAltText": [Function],
  "getByDisplayValue": [Function],
  "getByLabelText": [Function],
  "getByPlaceholderText": [Function],
  "getByRole": [Function],
  "getByTestId": [Function],
  "getByText": [Function],
  "getByTitle": [Function],
  "queryAllByAltText": [Function],
  "queryAllByDisplayValue": [Function],
  "queryAllByLabelText": [Function],
  "queryAllByPlaceholderText": [Function],
  "queryAllByRole": [Function],
  "queryAllByTestId": [Function],
  "queryAllByText": [Function],
  "queryAllByTitle": [Function],
  "queryByAltText": [Function],
  "queryByDisplayValue": [Function],
  "queryByLabelText": [Function],
  "queryByPlaceholderText": [Function],
  "queryByRole": [Function],
  "queryByTestId": [Function],
  "queryByText": [Function],
  "queryByTitle": [Function],
  "rerender": [Function],
  "unmount": [Function],
}
`;
